[slimhamdi.net/istanbul/demos/index-image-overlay.html]
[backblue.gif]
[fade.gif]
[index.html]
[slimhamdi.net/istanbul/demos/css/bootstrap.min.css]
[slimhamdi.net/istanbul/demos/css/jquery.animatedheadline.css]
[slimhamdi.net/istanbul/demos/css/font-awesome.min.css]
[slimhamdi.net/istanbul/demos/css/style.css]
[slimhamdi.net/istanbul/demos/css/skins/goldrenrod.css]
[slimhamdi.net/istanbul/demos/js/modernizr.js]
[slimhamdi.net/istanbul/demos/css/skins/blue.css]
[slimhamdi.net/istanbul/demos/css/skins/green.css]
[slimhamdi.net/istanbul/demos/css/skins/magenta.css]
[slimhamdi.net/istanbul/demos/css/skins/orange.css]
[slimhamdi.net/istanbul/demos/css/skins/red.css]
[slimhamdi.net/istanbul/demos/css/skins/yellow.css]
[slimhamdi.net/istanbul/demos/css/skins/yellowgreen.css]
[slimhamdi.net/istanbul/demos/css/styleswitcher.css]
[slimhamdi.net/istanbul/demos/img/styleswitcher/blue.png]
[slimhamdi.net/istanbul/demos/img/styleswitcher/red.png]
[slimhamdi.net/istanbul/demos/img/styleswitcher/goldenrod.png]
[slimhamdi.net/istanbul/demos/img/styleswitcher/magenta.png]
[slimhamdi.net/istanbul/demos/img/styleswitcher/yellowgreen.png]
[slimhamdi.net/istanbul/demos/img/styleswitcher/orange.png]
[slimhamdi.net/istanbul/demos/img/styleswitcher/green.png]
[slimhamdi.net/istanbul/demos/img/styleswitcher/yellow.png]
[slimhamdi.net/istanbul/demos/img/light-about.jpg]
[slimhamdi.net/istanbul/demos/img/projects/project-1.jpg]
[slimhamdi.net/istanbul/demos/img/projects/project-2.jpg]
[slimhamdi.net/istanbul/demos/img/projects/project-8.jpg]
[slimhamdi.net/istanbul/demos/img/projects/project-6.jpg]
[slimhamdi.net/istanbul/demos/img/projects/project-5.jpg]
[slimhamdi.net/istanbul/demos/img/projects/project-4.jpg]
[slimhamdi.net/istanbul/demos/img/projects/project-7.jpg]
[slimhamdi.net/istanbul/demos/img/projects/project-3.jpg]
[slimhamdi.net/istanbul/demos/img/projects/project-9.jpg]
[slimhamdi.net/istanbul/demos/img/projects/video.mp4]
[slimhamdi.net/istanbul/demos/blog-post.html]
[slimhamdi.net/istanbul/demos/img/blog/blog-post-4.jpg]
[slimhamdi.net/istanbul/demos/img/blog/blog-post-1.jpg]
[slimhamdi.net/istanbul/demos/img/blog/blog-post-3.jpg]
[slimhamdi.net/istanbul/demos/img/blog/blog-post-2.jpg]
[slimhamdi.net/istanbul/demos/blog.html]
[slimhamdi.net/istanbul/demos/js/jquery-2.2.4.min.js]
[slimhamdi.net/istanbul/demos/js/jquery.animatedheadline.js]
[slimhamdi.net/istanbul/demos/js/bootstrap.min.js]
[slimhamdi.net/istanbul/demos/js/transition.js]
[slimhamdi.net/istanbul/demos/js/styleswitcher.js]
[slimhamdi.net/istanbul/demos/js/custom.js]
[slimhamdi.net/istanbul/demos/index-image-overlay.html]
[slimhamdi.net/istanbul/demos/css/bootstrap.min.css]
[slimhamdi.net/istanbul/demos/css/jquery.animatedheadline.css]
[slimhamdi.net/istanbul/demos/fonts/fontawesome-webfont3e6e.eot]
[slimhamdi.net/istanbul/demos/fonts/fontawesome-webfontd41d.eot]
[slimhamdi.net/istanbul/demos/fonts/fontawesome-webfont3e6e.woff]
[slimhamdi.net/istanbul/demos/fonts/fontawesome-webfont3e6e.ttf]
[slimhamdi.net/istanbul/demos/css/font-awesome.min.css]
[slimhamdi.net/istanbul/demos/img/fullscreendark.jpg]
[slimhamdi.net/istanbul/demos/img/fullscreenbgimage.jpg]
[slimhamdi.net/istanbul/demos/img/leftimage-bg.jpg]
[slimhamdi.net/istanbul/demos/img/blog/banner.jpg]
[slimhamdi.net/istanbul/demos/css/style.css]
[slimhamdi.net/istanbul/demos/css/skins/goldrenrod.css]
[slimhamdi.net/istanbul/demos/css/skins/blue.css]
[slimhamdi.net/istanbul/demos/css/skins/green.css]
[slimhamdi.net/istanbul/demos/css/skins/magenta.css]
[slimhamdi.net/istanbul/demos/css/skins/orange.css]
[slimhamdi.net/istanbul/demos/css/skins/red.css]
[slimhamdi.net/istanbul/demos/css/skins/yellow.css]
[slimhamdi.net/istanbul/demos/css/skins/yellowgreen.css]
[slimhamdi.net/istanbul/demos/css/styleswitcher.css]
[slimhamdi.net/istanbul/demos/img/blog/user1.jpg]
[slimhamdi.net/istanbul/demos/img/blog/user2.jpg]
[slimhamdi.net/istanbul/demos/img/blog/user3.jpg]
[slimhamdi.net/istanbul/demos/blog-post.html]
[slimhamdi.net/istanbul/demos/blog.html]
[slimhamdi.net/istanbul/demos/fonts/fontawesome-webfont3e6e.html]
[slimhamdi.net/istanbul/demos/fonts/fontawesome-webfont3e6e.svg]
[slimhamdi.net/istanbul/demos/img/fullscreenlight.html]
